# 
# Questa Static Verification System
# Version 2021.1 4558100 win64 28-Jan-2021

log created Wed Jul 22 18:28:21 2026 by lap on Youssif


# 
# Questa Static Verification System
# Version 2021.1 4558100 win64 28-Jan-2021

log created Wed Jul 22 18:27:47 2026 by lap on Youssif


Command: netlist elaborate
Command arguments:
    -zdb
      D:/CUFE/Diplomas/PROJECTS/SPI/SPI_Slave_single_port_Ram/Questa_Lint/qcache/DB/zdb_15
    -tool lint
    -d SPI_Wrapper
    -L work

Questa Debug flags:
 4300:  lint_gui_mode        (Default False)


## Elaborating Design...
Reading MTI mapping for library mapping
Writing all MTI mappings to vmap output ...

Top level modules:
	SPI_Wrapper

Analyzing design...
-- Loading module z0in_work.SPI_Wrapper

Performing 349 Lint Checks
=============================

Lint Stage 1 of 5 - Pre Design Elaboration (4 checks)
------------------------------------------------------
-- Loading module z0in_work.SPI_Slave
-- Loading module z0in_work.single_port_Ram
Optimizing 3 design-units (inlining 0/3 module instances):
-- Optimizing module z0in_work.SPI_Slave(fast)
Lint Stage-1 100% complete [Total Progress -   7%]

Lint Stage 2 of 5 - Design Elaboration (262 checks)
----------------------------------------------------
-- Optimizing module z0in_work.single_port_Ram(fast)
Lint Stage-2  33% complete (1 out of 3 modules checked) [Total Progress -  11%]
-- Optimizing module z0in_work.SPI_Wrapper(fast)
Lint Stage-2  67% complete (2 out of 3 modules checked) [Total Progress -  17%]
Optimized design name is zi_opt_def_32107585_1
Lint Stage-2 100% complete (3 out of 3 modules checked) [Total Progress -  23%]
End of log Wed Jul 22 18:27:56 2026


# 
# Questa Static Verification System
# Version 2021.1 4558100 win64 28-Jan-2021

log created Wed Jul 22 18:27:58 2026 by lap on Youssif


Command: netlist create
Command arguments:
    -zdb
      D:/CUFE/Diplomas/PROJECTS/SPI/SPI_Slave_single_port_Ram/Questa_Lint/qcache/DB/zdb_15
    -tool lint
    -d SPI_Wrapper
    -L work

Questa Debug flags:
 4300:  lint_gui_mode        (Default False)


## Synthesizing netlist...

Lint Stage 3 of 5 - Post Design Elaboration (36 checks)
--------------------------------------------------------
Lint Stage-3  25% complete [Total Progress -  27%]
Lint Stage-3  50% complete [Total Progress -  30%]
Lint Stage-3  75% complete [Total Progress -  32%]
Lint Stage-3 100% complete [Total Progress -  35%]
Analyzing designs.
Elaborating module 'SPI_Slave'.
Elaborating module 'single_port_Ram'.
Elaborating module 'SPI_Wrapper'.

Lint Stage 4 of 5 - Design Synthesis (16 checks)
-------------------------------------------------
Lint Stage-4  25% complete [Total Progress -  67%]
Lint Stage-4  50% complete [Total Progress -  70%]
Lint Stage-4  75% complete [Total Progress -  72%]
Lint Stage-4 100% complete [Total Progress -  75%]

Lint Stage 5 of 5 - Post Design Synthesis (31 checks)
------------------------------------------------------
Lint Stage-5  23% complete [Total Progress -  88%]
Lint Stage-5  45% complete [Total Progress -  91%]
Lint Stage-5  68% complete [Total Progress -  95%]
Lint Stage-5  90% complete [Total Progress -  98%]
Lint Stage-5 100% complete [Total Progress - 100%]

Lint Checking Completed
##Time Taken (Synthesis) = 3336.000000 ticks = 3.336000 secs

End of log Wed Jul 22 18:28:09 2026


# Reading design database from D:/CUFE/Diplomas/PROJECTS/SPI/SPI_Slave_single_port_Ram/Questa_Lint/qcache/LINT/CACHE...completed (0.004 (s)).
End of log Wed Jul 22 18:28:12 2026


# 
# Questa Static Verification System
# Version 2021.1 4558100 win64 28-Jan-2021

log created Wed Jul 22 18:28:12 2026 by lap on Youssif


Questa Debug flags:
 4300:  lint_gui_mode        (Default False)


## Applying Lint Waivers...
Final Process Statistics: Max memory 277MB, CPU time 25s, Total time 27s
End of log Wed Jul 22 18:28:19 2026


Result Summary
-----------------------------------------------------------
Error (0)
-----------------------------------------------------------

-----------------------------------------------------------
Warning (1)
-----------------------------------------------------------
  always_has_inconsistent_async_control   :1

-----------------------------------------------------------
Info (3)
-----------------------------------------------------------
  fsm_without_one_hot_encoding            :1
  parameter_name_duplicate                :2

-----------------------------------------------------------
Resolved (0)
-----------------------------------------------------------

# Generating Debug Information...

=================================================================
To view results in batch
  D:/CUFE/Diplomas/PROJECTS/SPI/SPI_Slave_single_port_Ram/Questa_Lint/lint.rpt

To view results in GUI (Beta Version) 
  qverify D:/CUFE/Diplomas/PROJECTS/SPI/SPI_Slave_single_port_Ram/Questa_Lint/lint.db
=================================================================
