====================================================================================================
Lint Status History Report
Questa Lint  Version 2021.1 4558100 win64 28-Jan-2021

Timestamp            : Wed Jul 22 18:28:19 2026
Description          : Report listing applied statuses with their corresponding violations

Sections:
   Section 1 : Status Update Directives with Applied Results
   Section 2 : Unused Status Update Directives
====================================================================================================


====================================================================================================
Section 1  : Status Update Directives with Applied Results
====================================================================================================
<none>


====================================================================================================
Section 2  : Unused Status Update Directives
====================================================================================================
<none>

