Information: Propagating switching activity (low effort zero delay simulation). (PWR-6)
Warning: Design has unannotated primary inputs. (PWR-414)
Warning: Design has unannotated sequential cell outputs. (PWR-415)
 
****************************************
Report : power
        -hier
        -analysis_effort low
Design : SPI_Wrapper
Version: K-2015.06
Date   : Wed Aug 19 03:47:15 2026
****************************************


Library(s) Used:

    scmetro_tsmc_cl013g_rvt_ss_1p08v_125c (File: /home/IC/PROJECTS/SPI/std_cells/scmetro_tsmc_cl013g_rvt_ss_1p08v_125c.db)


Operating Conditions: scmetro_tsmc_cl013g_rvt_ss_1p08v_125c   Library: scmetro_tsmc_cl013g_rvt_ss_1p08v_125c
Wire Load Model Mode: top

Design        Wire Load Model            Library
------------------------------------------------
SPI_Wrapper            tsmc13_wl30       scmetro_tsmc_cl013g_rvt_ff_1p32v_m40c


Global Operating Voltage = 1.08 
Power-specific unit information :
    Voltage Units = 1V
    Capacitance Units = 1.000000pf
    Time Units = 1ns
    Dynamic Power Units = 1mW    (derived from V,C,T units)
    Leakage Power Units = 1pW


--------------------------------------------------------------------------------
                                       Switch   Int      Leak     Total
Hierarchy                              Power    Power    Power    Power    %
--------------------------------------------------------------------------------
SPI_Wrapper                               6.425    0.334 6.14e+07    6.820 100.0
  RAM (single_port_Ram_test_1)         8.31e-02    0.268 6.11e+07    0.413   6.0
  SPI_slave (SPI_Slave_test_1)         1.36e-03 1.25e-03 2.84e+05 2.89e-03   0.0
1
